TOOL:	xrun(64)	24.09-s005: Started on Nov 07, 2025 at 13:12:00 CET
xrun
	-elaborate
	-l xrun_elaborate.log
	-F ../tb/tb.f
		../../common/simple_uart_switch.sv
		switch_tb_pkg.svh
		switch_bfm.sv
		switch_tbgen.sv
		switch_coverage.sv
		switch_scoreboard.sv
		simple_uart_switch_tb.sv
	-v93
	+nowarnDSEM2009
	+nowarnDSEMEL
	+nowarnCGDEFN
	+nowarnCOVUTA
	+nowarnBADPRF
	+nowarnXCLGNOPTM
	+nowarnRNDXCELON
	+nowarnSAWSTP
	-xmlibdirname INCA_libs
	+overwrite
	-nocopyright
	-coverage all
	-covoverwrite
	-covfile xrun_covfile.txt
		Caching library 'worklib' ....... Done
	Elaborating the design hierarchy:
xmelab: *W,COVSOR: xrun_covfile.txt:5: The command 'set_expr_scoring -struct' is redundant. The behavior corresponding to this option is the default mode.
	Top level design units:
		switch_tb_pkg
		top

	Extracting FSMs for coverage:
		worklib.switch_tbgen
		worklib.switch_coverage
		worklib.switch_scoreboard
		worklib.top
	Total FSMs extracted = 0
	Building instance overlay tables: .................... Done
	Enabling instrumentation for coverage types: block expression FSM toggle functional
	Generating native compiled code:
		worklib.simple_switch_uart:sv <0x7ac426fe>
			streams:  13, words: 15555
		worklib.switch_scoreboard:sv <0x141b791c>
			streams:   7, words: 26279
		worklib.switch_coverage:sv <0x7b7dcc6c>
			streams:   4, words:  8392
		worklib.switch_tbgen:sv <0x6cdc7613>
			streams:   2, words:  8803
		worklib.top:sv <0x02f21490>
			streams:   6, words:  1421
		worklib.switch_bfm:sv <0x7fce16c4>
			streams:   3, words: 10869
	Building instance specific data structures.
	Performing constant object marking (COM) analysis.
xmelab: *W,OBINVE: (File: ../tb/switch_coverage.sv, Line : 6): Bin value '255' of bin 'top.coverage_i.cov_data.bfm_addr.max0' is not within the possible values that coverpoint can store and will be ignored.
xmelab: *W,OBINVE: (File: ../tb/switch_coverage.sv, Line : 10): Bin value '255' of bin 'top.coverage_i.cov_data.bfm_target.max1' is not within the possible values that coverpoint can store and will be ignored.
xmelab: *W,OBINVE: (File: ../tb/switch_coverage.sv, Line : 14): Bin value '255' of bin 'top.coverage_i.cov_data.bfm_data.max1' is not within the possible values that coverpoint can store and will be ignored.
	Loading native compiled code:     .................... Done
	Design hierarchy summary:
		                Instances  Unique
		Modules:                5       5
		Interfaces:             1       1
		Verilog packages:       1       1
		Registers:             62      62
		Scalar wires:          10       -
		Always blocks:          3       3
		Initial blocks:         7       7
		Final blocks:           1       1
		Cont. assignments:      1       2
		Pseudo assignments:     6       -
		Covergroup Instances:   0       1
	Writing initial simulation snapshot: worklib.top:sv
TOOL:	xrun(64)	24.09-s005: Exiting on Nov 07, 2025 at 13:12:01 CET  (total: 00:00:01)
