*** Start analyzing build configuration ***
INFO: Auto-config - Scanning: /home/student/ksawosz/VDIC
INFO: Auto-config - VLOG: /home/student/ksawosz/VDIC
INFO: Auto-config - VHDL: /home/student/ksawosz/VDIC
INFO: Auto-config - Wrote:
    .dvt/default.build.auto.1
*** List of included argument files ***
    Build configuration file:  /home/student/ksawosz/VDIC/.dvt/default.build
    -f /home/student/ksawosz/VDIC/.dvt/default.build.auto.1
*** List of invocations ***
Invocation #1 +dvt_init+dvt in /home/student/ksawosz/VDIC/.dvt/default.build.auto.1 at line 9
*** Done analyzing build configuration [608 ms] ***
*** Start VHDL build ***
Total number of lines [0]
Performing post full build step 1 (VHDL - RU) [5 ms] ...
*** Done VHDL build [477 ms] ***
*** Start SystemVerilog build ***
*** Invocation #1***
Loading (1) /home/student/ksawosz/VDIC/lab01example/tb/tinyalu_tb.sv ...
Done /home/student/ksawosz/VDIC/lab01example/tb/tinyalu_tb.sv [202 ms, 274 lines, SystemVerilog_2012] ...
Loading (2) /home/student/ksawosz/VDIC/lab02example/tb/tinyalu_tb.sv ...
Done /home/student/ksawosz/VDIC/lab02example/tb/tinyalu_tb.sv [45 ms, 412 lines, SystemVerilog_2012] ...
Loading (3) /home/student/ksawosz/VDIC/lab02/tb/simple_uart_switch_tb.sv ...
Done /home/student/ksawosz/VDIC/lab02/tb/simple_uart_switch_tb.sv [38 ms, 560 lines, SystemVerilog_2012] ...
Loading (4) /home/student/ksawosz/VDIC/common/simple_uart_switch.sv ...
Done /home/student/ksawosz/VDIC/common/simple_uart_switch.sv [2 ms, 175 lines, SystemVerilog_2012] ...
Loading (5) /home/student/ksawosz/VDIC/common/tinyalu/three_cycle.sv ...
Done /home/student/ksawosz/VDIC/common/tinyalu/three_cycle.sv [2 ms, 49 lines, SystemVerilog_2012] ...
Loading (6) /home/student/ksawosz/VDIC/lab01/tb/simple_uart_switch_tb.sv ...
Done /home/student/ksawosz/VDIC/lab01/tb/simple_uart_switch_tb.sv [19 ms, 327 lines, SystemVerilog_2012] ...
Loading (7) /home/student/ksawosz/VDIC/lab03/tb/simple_uart_switch_tb.sv ...
Done /home/student/ksawosz/VDIC/lab03/tb/simple_uart_switch_tb.sv [1 ms, 35 lines, SystemVerilog_2012] ...
Loading (8) /home/student/ksawosz/VDIC/lab03example/tb/top.sv ...
Done /home/student/ksawosz/VDIC/lab03example/tb/top.sv [1 ms, 29 lines, SystemVerilog_2012] ...
Loading (9) /home/student/ksawosz/VDIC/common/tinyalu/tinyalu_pkg.sv ...
Done /home/student/ksawosz/VDIC/common/tinyalu/tinyalu_pkg.sv [2 ms, 29 lines, SystemVerilog_2012] ...
Loading (10) /home/student/ksawosz/VDIC/common/tinyalu/tinyalu.sv ...
Done /home/student/ksawosz/VDIC/common/tinyalu/tinyalu.sv [4 ms, 70 lines, SystemVerilog_2012] ...
Loading (11) /home/student/ksawosz/VDIC/common/tinyalu/single_cycle.sv ...
Done /home/student/ksawosz/VDIC/common/tinyalu/single_cycle.sv [3 ms, 58 lines, SystemVerilog_2012] ...
Loading (12) /home/student/ksawosz/VDIC/lab03/tb/switch_tb_pkg.svh ...
Done /home/student/ksawosz/VDIC/lab03/tb/switch_tb_pkg.svh [1 ms, 26 lines, SystemVerilog_2012] ...
Loading (13) /home/student/ksawosz/VDIC/lab03/tb/switch_tbgen.sv ...
Done /home/student/ksawosz/VDIC/lab03/tb/switch_tbgen.sv [7 ms, 106 lines, SystemVerilog_2012] ...
Loading (14) /home/student/ksawosz/VDIC/lab03/tb/switch_scoreboard.sv ...
Done /home/student/ksawosz/VDIC/lab03/tb/switch_scoreboard.sv [13 ms, 212 lines, SystemVerilog_2012] ...
Loading (15) /home/student/ksawosz/VDIC/lab03/tb/switch_coverage.sv ...
Done /home/student/ksawosz/VDIC/lab03/tb/switch_coverage.sv [4 ms, 50 lines, SystemVerilog_2012] ...
Loading (16) /home/student/ksawosz/VDIC/lab03/tb/switch_bfm.sv ...
Done /home/student/ksawosz/VDIC/lab03/tb/switch_bfm.sv [7 ms, 55 lines, SystemVerilog_2012] ...
Loading (17) /home/student/ksawosz/VDIC/lab03example/tb/tinyalu_tb_pkg.svh ...
Done /home/student/ksawosz/VDIC/lab03example/tb/tinyalu_tb_pkg.svh [1 ms, 24 lines, SystemVerilog_2012] ...
Loading (18) /home/student/ksawosz/VDIC/lab03example/tb/tpgen.sv ...
Done /home/student/ksawosz/VDIC/lab03example/tb/tpgen.sv [3 ms, 67 lines, SystemVerilog_2012] ...
Loading (19) /home/student/ksawosz/VDIC/lab03example/tb/tinyalu_bfm.sv ...
Done /home/student/ksawosz/VDIC/lab03example/tb/tinyalu_bfm.sv [3 ms, 94 lines, SystemVerilog_2012] ...
Loading (20) /home/student/ksawosz/VDIC/lab03example/tb/scoreboard.sv ...
Done /home/student/ksawosz/VDIC/lab03example/tb/scoreboard.sv [9 ms, 179 lines, SystemVerilog_2012] ...
Loading (21) /home/student/ksawosz/VDIC/lab03example/tb/coverage.sv ...
Done /home/student/ksawosz/VDIC/lab03example/tb/coverage.sv [5 ms, 123 lines, SystemVerilog_2012] ...
*** Done invocation #1 [216 ms] ***
*** Total number of lines [2 954] ***
Performing post full build actions ...
Performing post full build step 1 (SRI) [0 ms] ...
Performing post full build step 2 (RI) [3 ms] ...
Performing post full build step 3 (RCP) [0 ms] ...
*** Done SystemVerilog build [425 ms] ***
*** Start mixed mode extension build ***
Performing mixed post full build step (VHDL - RU) [4 ms] ...
Performing mixed post full build step (VHDL - RT) [101 ms] ...
Performing mixed post full build step (VHDL - RD) [4 ms] ...
Performing mixed post full build step (VHDL - FSC) [102 ms] ...
Performing mixed post full build step (VLOG - RI) [2 ms] ...
*** Warning: UNSPECIFIED_TOP: Please specify a -top module/entity/configuration in the project build file
*** Top design candidates: work.top
Performing mixed post full build step (MIXED - ELAB) [304 ms] ...
Performing mixed post full build step (MIXED - UNEL) [251 ms] ...
*** Warning: UNELABORATED_MODULE: Module 'work.top' is not elaborated
    at line 21 in /home/student/ksawosz/VDIC/lab02example/tb/tinyalu_tb.sv [compile index 2]
*** Warning: ASSIGNMENT_BLOCKING: Blocking assignment of 'start_prev' in sequential logic (use non-blocking assignment)
    at line 380 in /home/student/ksawosz/VDIC/lab02example/tb/tinyalu_tb.sv [compile index 2]
*** Warning: ASSIGNMENT_BLOCKING: Blocking assignment of 'test_result' in sequential logic (use non-blocking assignment)
    at line 403 in /home/student/ksawosz/VDIC/lab02example/tb/tinyalu_tb.sv [compile index 2]
*** Warning: UNELABORATED_MODULE: Module 'work.top' is not elaborated
    at line 21 in /home/student/ksawosz/VDIC/lab02/tb/simple_uart_switch_tb.sv [compile index 3]
*** Warning: UNELABORATED_MODULE: Module 'work.top' is not elaborated
    at line 21 in /home/student/ksawosz/VDIC/lab01/tb/simple_uart_switch_tb.sv [compile index 6]
*** Warning: UNELABORATED_MODULE: Module 'work.top' is not elaborated
    at line 22 in /home/student/ksawosz/VDIC/lab03/tb/simple_uart_switch_tb.sv [compile index 7]
*** Warning: UNELABORATED_MODULE: Module 'work.top' is not elaborated
    at line 16 in /home/student/ksawosz/VDIC/lab03example/tb/top.sv [compile index 8]
*** Warning: UNELABORATED_MODULE: Module 'work.simple_switch_uart' is not elaborated
    at line 25 in /home/student/ksawosz/VDIC/common/simple_uart_switch.sv [compile index 4]
*** Warning: UNELABORATED_MODULE: Module 'work.switch_tbgen' is not elaborated
    at line 1 in /home/student/ksawosz/VDIC/lab03/tb/switch_tbgen.sv [compile index 13]
*** Warning: UNELABORATED_MODULE: Module 'work.switch_scoreboard' is not elaborated
    at line 1 in /home/student/ksawosz/VDIC/lab03/tb/switch_scoreboard.sv [compile index 14]
*** Warning: STATIC_INITIALIZATION: Explicit 'static' or 'automatic' is required when implicit static variable is initialized
    at line 143 in /home/student/ksawosz/VDIC/lab03/tb/switch_scoreboard.sv [compile index 14]
*** Warning: STATIC_INITIALIZATION: Explicit 'static' or 'automatic' is required when implicit static variable is initialized
    at line 145 in /home/student/ksawosz/VDIC/lab03/tb/switch_scoreboard.sv [compile index 14]
*** Warning: STATIC_INITIALIZATION: Explicit 'static' or 'automatic' is required when implicit static variable is initialized
    at line 151 in /home/student/ksawosz/VDIC/lab03/tb/switch_scoreboard.sv [compile index 14]
*** Warning: UNELABORATED_MODULE: Module 'work.switch_coverage' is not elaborated
    at line 1 in /home/student/ksawosz/VDIC/lab03/tb/switch_coverage.sv [compile index 15]
*** Warning: UNELABORATED_INTERFACE: Interface 'work.switch_bfm' is not elaborated
    at line 1 in /home/student/ksawosz/VDIC/lab03/tb/switch_bfm.sv [compile index 16]
*** Warning: UNELABORATED_MODULE: Module 'work.tpgen' is not elaborated
    at line 18 in /home/student/ksawosz/VDIC/lab03example/tb/tpgen.sv [compile index 18]
*** Warning: UNELABORATED_INTERFACE: Interface 'work.tinyalu_bfm' is not elaborated
    at line 18 in /home/student/ksawosz/VDIC/lab03example/tb/tinyalu_bfm.sv [compile index 19]
*** Warning: UNELABORATED_MODULE: Module 'work.scoreboard' is not elaborated
    at line 20 in /home/student/ksawosz/VDIC/lab03example/tb/scoreboard.sv [compile index 20]
*** Warning: ASSIGNMENT_BLOCKING: Blocking assignment of 'tr' in sequential logic (use non-blocking assignment)
    at line 114 in /home/student/ksawosz/VDIC/lab03example/tb/scoreboard.sv [compile index 20]
*** Warning: UNELABORATED_MODULE: Module 'work.coverage' is not elaborated
    at line 18 in /home/student/ksawosz/VDIC/lab03example/tb/coverage.sv [compile index 21]
Performing mixed post full build step (VHDL - ELPC) [1 ms] ...
Performing mixed post full build step (VHDL - US) [0 ms] ...
Performing mixed post full build step (VHDL - USBD) [50 ms] ...
Performing mixed post full build step (VLOG - RD) [39 ms] ...
Performing mixed post full build step (VLOG - FSC) [64 ms] ...
Performing mixed post full build step (VLOG - EV) [51 ms] ...
Performing mixed post full build step (VLOG - ELPC) [3 ms] ...
Performing mixed post full build step (VLOG - US) [100 ms] ...
*** Warning: DUPLICATE_MODULE: Duplicate module 'top', already declared
    at line 21 in /home/student/ksawosz/VDIC/lab01example/tb/tinyalu_tb.sv
    at line 21 in /home/student/ksawosz/VDIC/lab02example/tb/tinyalu_tb.sv [compile index 2]
*** Warning: DUPLICATE_MODULE: Duplicate module 'top', already declared
    at line 21 in /home/student/ksawosz/VDIC/lab01example/tb/tinyalu_tb.sv
    at line 21 in /home/student/ksawosz/VDIC/lab02/tb/simple_uart_switch_tb.sv [compile index 3]
*** Warning: DUPLICATE_MODULE: Duplicate module 'top', already declared
    at line 21 in /home/student/ksawosz/VDIC/lab01example/tb/tinyalu_tb.sv
    at line 21 in /home/student/ksawosz/VDIC/lab01/tb/simple_uart_switch_tb.sv [compile index 6]
*** Warning: DUPLICATE_MODULE: Duplicate module 'top', already declared
    at line 21 in /home/student/ksawosz/VDIC/lab01example/tb/tinyalu_tb.sv
    at line 22 in /home/student/ksawosz/VDIC/lab03/tb/simple_uart_switch_tb.sv [compile index 7]
*** Warning: DUPLICATE_MODULE: Duplicate module 'top', already declared
    at line 21 in /home/student/ksawosz/VDIC/lab01example/tb/tinyalu_tb.sv
    at line 16 in /home/student/ksawosz/VDIC/lab03example/tb/top.sv [compile index 8]
*** Warning: UNELABORATED_PACKAGE: Package 'work.switch_tb_pkg' is not elaborated
    at line 1 in /home/student/ksawosz/VDIC/lab03/tb/switch_tb_pkg.svh [compile index 12]
*** Warning: UNELABORATED_PACKAGE: Package 'work.tinyalu_tb_pkg' is not elaborated
    at line 12 in /home/student/ksawosz/VDIC/lab03example/tb/tinyalu_tb_pkg.svh [compile index 17]
*** Warning: INTERNAL_GENERATED_CLOCK: Clock signal 'clk' is not an input port
    at line 370 in /home/student/ksawosz/VDIC/lab02example/tb/tinyalu_tb.sv [compile index 2]
*** Warning: INTERNAL_GENERATED_CLOCK: Clock signal 'clk' is not an input port
    at line 387 in /home/student/ksawosz/VDIC/lab02example/tb/tinyalu_tb.sv [compile index 2]
*** Warning: SIGNAL_NEVER_USED: Signal 'clk' is never used
    at line 26 in /home/student/ksawosz/VDIC/common/simple_uart_switch.sv [compile index 4]
*** Warning: SIGNAL_NEVER_USED: Signal 'rst_n' is never used
    at line 27 in /home/student/ksawosz/VDIC/common/simple_uart_switch.sv [compile index 4]
*** Warning: SIGNAL_NEVER_USED: Signal 'prog' is never used
    at line 28 in /home/student/ksawosz/VDIC/common/simple_uart_switch.sv [compile index 4]
*** Warning: SIGNAL_NEVER_USED: Signal 'sin' is never used
    at line 29 in /home/student/ksawosz/VDIC/common/simple_uart_switch.sv [compile index 4]
*** Warning: SIGNAL_NEVER_USED: Signal 'sout0' is never used
    at line 30 in /home/student/ksawosz/VDIC/common/simple_uart_switch.sv [compile index 4]
*** Warning: SIGNAL_NEVER_USED: Signal 'sout1' is never used
    at line 31 in /home/student/ksawosz/VDIC/common/simple_uart_switch.sv [compile index 4]
*** Warning: PARAMETER_NEVER_USED: Parameter 'CLKS_PER_BIT' is never used
    at line 34 in /home/student/ksawosz/VDIC/common/simple_uart_switch.sv [compile index 4]
*** Done mixed mode extension build [1s.098ms] ***
*** Total build time [2s.617ms] ***
