/eda/cadence/2024-25/RHELx86/XCELIUM_24.09.005/tools.lnx86/inca/bin/64bit/xmsim
Obtained 43 stack frames.
/eda/cadence/2024-25/RHELx86/XCELIUM_24.09.005/tools.lnx86/inca/bin/64bit/../../../lib/64bit/libcbreakpad.so(_Z13use_backtracev+0x9d) [0x2b64678f91a3]
/eda/cadence/2024-25/RHELx86/XCELIUM_24.09.005/tools.lnx86/inca/bin/64bit/../../../lib/64bit/libcbreakpad.so(cbpad_generate_dump_on_demand+0x66) [0x2b64678f9630]
xmsim() [0x1da6c28]
xmsim(serror+0x1cd) [0x1da82fd]
xmsim() [0xde3237]
xmsim() [0xde39dd]
/lib64/libpthread.so.0(+0xf630) [0x2b6467a93630]
xmsim() [0xe8002d]
xmsim() [0xe75344]
xmsim() [0xf952ac]
xmsim() [0x171b06a]
xmsim() [0x172ca5d]
xmsim() [0x172f24c]
xmsim() [0x17732c1]
xmsim(sslu_traverse_scopes+0x340) [0x1063380]
xmsim(sslu_traverse_scopes+0x13e5) [0x1064425]
xmsim() [0x174b859]
xmsim() [0x1775910]
xmsim() [0x8e4a18]
xmsim() [0x80efc4]
xmsim() [0x80f6af]
xmsim() [0x80fb61]
/lib64/libpthread.so.0(+0xf630) [0x2b6467a93630]
/lib64/libc.so.6(kill+0x7) [0x2b6468407657]
xmsim() [0x1815c79]
xmsim() [0x82ebbd]
xmsim(simcmd_run+0x7e6) [0x831143]
xmsim() [0x831e3c]
xmsim() [0xcff187]
xmsim(TclInvokeStringCommand+0x7b) [0x1578b8b]
xmsim() [0x157dad7]
xmsim() [0x157fd3d]
xmsim(Tcl_EvalEx+0x13) [0x15804c3]
xmsim() [0x15805c0]
xmsim() [0x15808ea]
xmsim(Tcl_RecordAndEvalObj+0xce) [0x162224e]
xmsim(Tcl_RecordAndEval+0x38) [0x1622428]
xmsim() [0xd03dfc]
xmsim() [0x80de68]
xmsim(ncmain+0xc1) [0x80c81f]
xmsim(main+0x10) [0x2999a4c]
/lib64/libc.so.6(__libc_start_main+0xf5) [0x2b64683f3555]
xmsim() [0x726f1b]
