TOOL:	xrun(64)	24.09-s005: Started on Nov 14, 2025 at 13:48:20 CET
xrun
	-compile
	-l xrun_compile.log
	-F ../tb/tb.f
		lab04part1.sv
	-v93
	+nowarnDSEM2009
	+nowarnDSEMEL
	+nowarnCGDEFN
	+nowarnCOVUTA
	+nowarnBADPRF
	+nowarnXCLGNOPTM
	+nowarnRNDXCELON
	+nowarnSAWSTP
	-xmlibdirname INCA_libs
	+overwrite
	-nocopyright
	-coverage all
	-covoverwrite
	-covfile xrun_covfile.txt
file: ../tb/lab04part1.sv
	module worklib.top:sv
		errors: 0, warnings: 0
TOOL:	xrun(64)	24.09-s005: Exiting on Nov 14, 2025 at 13:48:20 CET  (total: 00:00:00)
