TOOL:	xrun(64)	24.09-s005: Started on Nov 13, 2025 at 23:52:49 CET
xrun
	-elaborate
	-l xrun_elaborate.log
	-F ../tb/tb.f
		../../common/simple_uart_switch.sv
		switch_tb_pkg.svh
		switch_bfm.sv
		top.sv
		+incdir+tb_classes
		+incdir+.
		+nowarn+DSEMEL
		-timescale 1ns/1ps
	-v93
	+nowarnDSEM2009
	+nowarnDSEMEL
	+nowarnCGDEFN
	+nowarnCOVUTA
	+nowarnBADPRF
	+nowarnXCLGNOPTM
	+nowarnRNDXCELON
	+nowarnSAWSTP
	-xmlibdirname INCA_libs
	+overwrite
	-nocopyright
	-coverage all
	-covoverwrite
	-covfile xrun_covfile.txt
		Caching library 'worklib' ....... Done
	Elaborating the design hierarchy:
	Top level design units:
		switch_tb_pkg
		top

	Extracting FSMs for coverage:
		worklib.top
	Total FSMs extracted = 0
	Building instance overlay tables: .................... Done
	Enabling instrumentation for coverage types: block expression FSM toggle functional
	Generating native compiled code:
		worklib.simple_switch_uart:sv <0x20b1ce56>
			streams:  13, words: 15555
		worklib.top:sv <0x49604903>
			streams:   7, words:  2419
		worklib.switch_bfm:sv <0x7c7e6a39>
			streams:  48, words: 80936
	Building instance specific data structures.
	Performing constant object marking (COM) analysis.
xmelab: *W,OBINVE: (File: ../tb/tb_classes/coverage.svh, Line : 6): Bin value '255' of bin 'worklib.switch_tb_pkg::coverage::\cov_data .bfm_addr.max0' is not within the possible values that coverpoint can store and will be ignored.
xmelab: *W,OBINVE: (File: ../tb/tb_classes/coverage.svh, Line : 10): Bin value '255' of bin 'worklib.switch_tb_pkg::coverage::\cov_data .bfm_target.max1' is not within the possible values that coverpoint can store and will be ignored.
xmelab: *W,OBINVE: (File: ../tb/tb_classes/coverage.svh, Line : 14): Bin value '255' of bin 'worklib.switch_tb_pkg::coverage::\cov_data .bfm_data.max1' is not within the possible values that coverpoint can store and will be ignored.
	Loading native compiled code:     .................... Done
	Design hierarchy summary:
		                     Instances  Unique
		Modules:                     2       2
		Interfaces:                  1       1
		Verilog packages:            1       1
		Registers:                  78      92
		Scalar wires:               10       -
		Always blocks:               3       3
		Initial blocks:              2       2
		Parallel blocks:             2       2
		Cont. assignments:           1       2
		Pseudo assignments:          6       -
		Covergroup Instances:        0       1
		SV Class declarations:       4       4
		SV Class specializations:    4       4
		Simulation timescale:      1ps
	Writing initial simulation snapshot: worklib.top:sv
TOOL:	xrun(64)	24.09-s005: Exiting on Nov 13, 2025 at 23:52:49 CET  (total: 00:00:00)
